111 1 1
1 1 2
3
121 1 1
1 1 2
1
1311 0 1
0 1 1
2
211 1 1
1 1 0
1
221 1 1
1 1 0
-1
2321 0 1
0 1 1
0
3110 1 0
1 1 1
2
3120 1 0
1 1 1
0
31310 0 0
0 1 0
1
9
